// Vitest Snapshot v1, https://vitest.dev/guide/snapshot.html

exports[`components/Header > should render the Header Component 1`] = `
{
  "asFragment": [Function],
  "baseElement": <body>
    <div>
      <header
        class="flex w-full justify-center border-b bg-gray-50 py-4"
      >
        <div
          class="container px-4 flex items-center justify-between gap-4"
        >
          <div
            class="flex items-center gap-2"
          >
            <svg
              class="h-10 w-10"
              fill="none"
              height="1em"
              stroke="currentColor"
              stroke-linecap="round"
              stroke-linejoin="round"
              stroke-width="2"
              viewBox="0 0 24 24"
              width="1em"
              xmlns="http://www.w3.org/2000/svg"
            >
              <path
                d="M10 12a2 2 0 1 0 4 0a2 2 0 0 0 -4 0"
              />
              <path
                d="M13.193 17.924q -.585 .075 -1.193 .076q -5.4 0 -9 -6q 3.6 -6 9 -6q 4.508 0 7.761 4.181"
              />
              <path
                d="M17 21v-6m2 0v-1.5m0 9v-1.5m-2 -3h3m-1 0h.5a1.5 1.5 0 0 1 0 3h-3.5m3 -3h.5a1.5 1.5 0 0 0 0 -3h-3.5"
              />
            </svg>
             CryptoWatcher
          </div>
        </div>
      </header>
    </div>
  </body>,
  "container": <div>
    <header
      class="flex w-full justify-center border-b bg-gray-50 py-4"
    >
      <div
        class="container px-4 flex items-center justify-between gap-4"
      >
        <div
          class="flex items-center gap-2"
        >
          <svg
            class="h-10 w-10"
            fill="none"
            height="1em"
            stroke="currentColor"
            stroke-linecap="round"
            stroke-linejoin="round"
            stroke-width="2"
            viewBox="0 0 24 24"
            width="1em"
            xmlns="http://www.w3.org/2000/svg"
          >
            <path
              d="M10 12a2 2 0 1 0 4 0a2 2 0 0 0 -4 0"
            />
            <path
              d="M13.193 17.924q -.585 .075 -1.193 .076q -5.4 0 -9 -6q 3.6 -6 9 -6q 4.508 0 7.761 4.181"
            />
            <path
              d="M17 21v-6m2 0v-1.5m0 9v-1.5m-2 -3h3m-1 0h.5a1.5 1.5 0 0 1 0 3h-3.5m3 -3h.5a1.5 1.5 0 0 0 0 -3h-3.5"
            />
          </svg>
           CryptoWatcher
        </div>
      </div>
    </header>
  </div>,
  "debug": [Function],
  "findAllByAltText": [Function],
  "findAllByDisplayValue": [Function],
  "findAllByLabelText": [Function],
  "findAllByPlaceholderText": [Function],
  "findAllByRole": [Function],
  "findAllByTestId": [Function],
  "findAllByText": [Function],
  "findAllByTitle": [Function],
  "findByAltText": [Function],
  "findByDisplayValue": [Function],
  "findByLabelText": [Function],
  "findByPlaceholderText": [Function],
  "findByRole": [Function],
  "findByTestId": [Function],
  "findByText": [Function],
  "findByTitle": [Function],
  "getAllByAltText": [Function],
  "getAllByDisplayValue": [Function],
  "getAllByLabelText": [Function],
  "getAllByPlaceholderText": [Function],
  "getAllByRole": [Function],
  "getAllByTestId": [Function],
  "getAllByText": [Function],
  "getAllByTitle": [Function],
  "getByAltText": [Function],
  "getByDisplayValue": [Function],
  "getByLabelText": [Function],
  "getByPlaceholderText": [Function],
  "getByRole": [Function],
  "getByTestId": [Function],
  "getByText": [Function],
  "getByTitle": [Function],
  "queryAllByAltText": [Function],
  "queryAllByDisplayValue": [Function],
  "queryAllByLabelText": [Function],
  "queryAllByPlaceholderText": [Function],
  "queryAllByRole": [Function],
  "queryAllByTestId": [Function],
  "queryAllByText": [Function],
  "queryAllByTitle": [Function],
  "queryByAltText": [Function],
  "queryByDisplayValue": [Function],
  "queryByLabelText": [Function],
  "queryByPlaceholderText": [Function],
  "queryByRole": [Function],
  "queryByTestId": [Function],
  "queryByText": [Function],
  "queryByTitle": [Function],
  "rerender": [Function],
  "unmount": [Function],
}
`;
